<html>
<body>
<pre>
<h1>礦ision Build Log</h1>
<h2>Tool Versions:</h2>
IDE-Version: μVision V5.39.0.0
Copyright (C) 2023 ARM Ltd and ARM Germany GmbH. All rights reserved.
License Information: 1 863906650@qq.com, 1, LIC=----
 
Tool Versions:
Toolchain:       MDK-Lite  Version: 5.39.0.0
Toolchain Path:  D:\Keil_v5\ARM\ARMCC\Bin
C Compiler:      Armcc.exe V5.06 update 7 (build 960)
Assembler:       Armasm.exe V5.06 update 7 (build 960)
Linker/Locator:  ArmLink.exe V5.06 update 7 (build 960)
Library Manager: ArmAr.exe V5.06 update 7 (build 960)
Hex Converter:   FromElf.exe V5.06 update 7 (build 960)
CPU DLL:         SARMCM3.DLL V5.39.0.0
Dialog DLL:      DCM.DLL V1.17.5.0
Target DLL:      CMSIS_AGDI.dll V1.33.16.0
Dialog DLL:      TCM.DLL V1.56.4.0
 
<h2>Project:</h2>
E:\工程项目\项目\外设\PS2模块(HAL库)\PS2_hal_2(C8T6)\MDK-ARM\PS2_new1.uvprojx
Project File Date:  08/11/2024

<h2>Output:</h2>
*** Using Compiler 'V5.06 update 7 (build 960)', folder: 'D:\Keil_v5\ARM\ARMCC\Bin'
Build target 'PS2_new1'
assembling startup_stm32f103xb.s...
compiling stm32f1xx_hal_tim_ex.c...
compiling stm32f1xx_hal_gpio_ex.c...
compiling main.c...
compiling usart.c...
compiling stm32f1xx_hal.c...
compiling stm32f1xx_hal_msp.c...
compiling stm32f1xx_hal_dma.c...
compiling stm32f1xx_hal_cortex.c...
compiling stm32f1xx_hal_pwr.c...
compiling stm32f1xx_it.c...
compiling gpio.c...
compiling stm32f1xx_hal_rcc_ex.c...
compiling stm32f1xx_hal_gpio.c...
compiling stm32f1xx_hal_tim.c...
compiling stm32f1xx_hal_rcc.c...
compiling stm32f1xx_hal_uart.c...
compiling stm32f1xx_hal_flash.c...
compiling stm32f1xx_hal_flash_ex.c...
compiling stm32f1xx_hal_exti.c...
compiling delay.c...
compiling PS2_Get.c...
..\PS2\PS2_Get.c(46): warning:  #188-D: enumerated type mixed with another type
  			DO_H; //输出一位控制位
..\PS2\PS2_Get.c(49): warning:  #188-D: enumerated type mixed with another type
  			DO_L;
..\PS2\PS2_Get.c(51): warning:  #188-D: enumerated type mixed with another type
  		CLK_H; //时钟拉高
..\PS2\PS2_Get.c(53): warning:  #188-D: enumerated type mixed with another type
  		CLK_L;
..\PS2\PS2_Get.c(55): warning:  #188-D: enumerated type mixed with another type
  		CLK_H;
..\PS2\PS2_Get.c(68): warning:  #188-D: enumerated type mixed with another type
  	CS_L;
..\PS2\PS2_Get.c(71): warning:  #188-D: enumerated type mixed with another type
  	CS_H;
..\PS2\PS2_Get.c(76): warning:  #940-D: missing return statement at end of non-void function "PS2_RedLight" 
  }
..\PS2\PS2_Get.c(89): warning:  #188-D: enumerated type mixed with another type
  	CS_L;
..\PS2\PS2_Get.c(96): warning:  #188-D: enumerated type mixed with another type
  			CLK_H;
..\PS2\PS2_Get.c(98): warning:  #188-D: enumerated type mixed with another type
  			CLK_L;
..\PS2\PS2_Get.c(100): warning:  #188-D: enumerated type mixed with another type
  			CLK_H;
..\PS2\PS2_Get.c(106): warning:  #188-D: enumerated type mixed with another type
  	CS_H;
..\PS2\PS2_Get.c(178): warning:  #188-D: enumerated type mixed with another type
  	CS_L;
..\PS2\PS2_Get.c(189): warning:  #188-D: enumerated type mixed with another type
  	CS_H;
..\PS2\PS2_Get.c(199): warning:  #188-D: enumerated type mixed with another type
  	CS_L;
..\PS2\PS2_Get.c(206): warning:  #188-D: enumerated type mixed with another type
  	CS_H;
..\PS2\PS2_Get.c(216): warning:  #188-D: enumerated type mixed with another type
  	CS_L;
..\PS2\PS2_Get.c(227): warning:  #188-D: enumerated type mixed with another type
  	CS_H;
..\PS2\PS2_Get.c(237): warning:  #188-D: enumerated type mixed with another type
  	CS_L;
..\PS2\PS2_Get.c(248): warning:  #188-D: enumerated type mixed with another type
  	CS_H;
..\PS2\PS2_Get.c(258): warning:  #188-D: enumerated type mixed with another type
  	CS_L;
..\PS2\PS2_Get.c(265): warning:  #188-D: enumerated type mixed with another type
  	CS_H;
..\PS2\PS2_Get.c(275): warning:  #188-D: enumerated type mixed with another type
  	CS_L;
..\PS2\PS2_Get.c(286): warning:  #188-D: enumerated type mixed with another type
  	CS_H;
..\PS2\PS2_Get.c: 25 warnings, 0 errors
compiling system_stm32f1xx.c...
linking...
Program Size: Code=5204 RO-data=312 RW-data=68 ZI-data=1732  
FromELF: creating hex file...
"PS2_new1\PS2_new1.axf" - 0 Error(s), 25 Warning(s).

<h2>Software Packages used:</h2>

Package Vendor: ARM
                http://www.keil.com/pack/ARM.CMSIS.5.9.0.pack
                ARM::CMSIS@5.9.0
                CMSIS (Common Microcontroller Software Interface Standard)
   * Component: CORE Version: 5.6.0

Package Vendor: Keil
                https://www.keil.com/pack/Keil.STM32F1xx_DFP.2.4.1.pack
                Keil::STM32F1xx_DFP@2.4.1
                STMicroelectronics STM32F1 Series Device Support, Drivers and Examples

<h2>Collection of Component include folders:</h2>
  ./RTE/_PS2_new1
  D:/Keil_v5/ARM/PACK/ARM/CMSIS/5.9.0/CMSIS/Core/Include
  D:/Keil_v5/ARM/PACK/Keil/STM32F1xx_DFP/2.4.1/Device/Include

<h2>Collection of Component Files used:</h2>

   * Component: ARM::CMSIS:CORE@5.6.0
      Include file:  CMSIS/Core/Include/tz_context.h
Build Time Elapsed:  00:00:04
</pre>
</body>
</html>
